GAMS 38.1.0  a1a3b545 Jan 31, 2022          WEX-WEI x86 64bit/MS Windows - 05/04/22 15:20:29 Page 1
G e n e r a l   A l g e b r a i c   M o d e l i n g   S y s t e m
C o m p i l a t i o n


   3  ;
   4  OPTION SYSOUT=OFF, SOLPRINT=OFF, LIMROW=0, LIMCOL=0, DECIMALS=6;
   5   
   6   
   7  # User defined functions:
   8   
   9  # ----------------------------------------------------------------------------------------------------
  10  #  Define function: load_level
  11  # ----------------------------------------------------------------------------------------------------
  12   
  13   
  14  # ----------------------------------------------------------------------------------------------------
  15  #  Define function: load_fixed
  16  # ----------------------------------------------------------------------------------------------------
  17   
  18   
  19  # ----------------------------------------------------------------------------------------------------
  20  #  Define function: SolveEmptyNLP
  21  # ----------------------------------------------------------------------------------------------------
  22   
  23   
  24  sets
  25          alias_set
  26          alias_map2
  27          n
  28          s
  29  ;
  30   
  31  alias(n,nn,nnn);
  32   
  33  sets
  34          alias_[alias_set,alias_map2]
  35          t[t]
  36          t0[t]
  37          tE[t]
  38          tx0[t]
  39          txE[t]
  40          map_CES_CET[s,n,nn]
  41          map_spinp_CES_CET[s,n,nn]
  42          map_spout_CES_CET[s,n,nn]
  43          knout_CES_CET[s,n]
  44          kninp_CES_CET[s,n]
  45          spout_CES_CET[s,n]
  46          spinp_CES_CET[s,n]
  47          input_CES_CET[s,n]
  48          output_CES_CET[s,n]
  49          int_CES_CET[s,n]
  50          map_CES1[s,n,nn]
  51          knot_CES1[s,n]
  52          branch_CES1[s,n]
  53          knot_o_CES1[s,n]
  54          knot_no_CES1[s,n]
  55          branch2o_CES1[s,n]
  56          branch2no_CES1[s,n]
  57          map_CET1[s,n,nn]
  58          knot_CET1[s,n]
  59          branch_CET1[s,n]
  60          branch_o_CET1[s,n]
  61          branch_no_CET1[s,n]
  62          exomu_CES_CET[s,n,nn]
  63          endo_qD_CES_CET[s,n]
  64          endo_qS_CES_CET[s,n]
  65          endo_pS_CES_CET[s,n]
  66  ;
**** File: C:\Users\sxj477\Documents\GitHub\GPM_v06\work_folder\%rname_7%.gdx
**** Msg : No such file or directory
  67  $GDXIN %rname_7%
****                 $510
**** 510  Unable to open gdx file for $GDXIN
  69  $load alias_set
****      $502
**** 502  GDXIN  file not open - ignore rest of line
  70  $load alias_map2
****      $502
**** 502  GDXIN  file not open - ignore rest of line
  71  $load n
****      $502
**** 502  GDXIN  file not open - ignore rest of line
  72  $load s
****      $502
**** 502  GDXIN  file not open - ignore rest of line
  73  $load alias_
****      $502
**** 502  GDXIN  file not open - ignore rest of line
  74  $load t
****      $502
**** 502  GDXIN  file not open - ignore rest of line
  75  $load t0
****      $502
**** 502  GDXIN  file not open - ignore rest of line
  76  $load tE
****      $502
**** 502  GDXIN  file not open - ignore rest of line
  77  $load tx0
****      $502
**** 502  GDXIN  file not open - ignore rest of line
  78  $load txE
****      $502
**** 502  GDXIN  file not open - ignore rest of line
  79  $load map_CES_CET
****      $502
**** 502  GDXIN  file not open - ignore rest of line
  80  $load map_spinp_CES_CET
****      $502
**** 502  GDXIN  file not open - ignore rest of line
  81  $load map_spout_CES_CET
****      $502
**** 502  GDXIN  file not open - ignore rest of line
  82  $load knout_CES_CET
****      $502
**** 502  GDXIN  file not open - ignore rest of line
  83  $load kninp_CES_CET
****      $502
**** 502  GDXIN  file not open - ignore rest of line
  84  $load spout_CES_CET
****      $502
**** 502  GDXIN  file not open - ignore rest of line
  85  $load spinp_CES_CET
****      $502
**** 502  GDXIN  file not open - ignore rest of line
  86  $load input_CES_CET
****      $502
**** 502  GDXIN  file not open - ignore rest of line
  87  $load output_CES_CET
****      $502
**** 502  GDXIN  file not open - ignore rest of line
  88  $load int_CES_CET
****      $502
**** 502  GDXIN  file not open - ignore rest of line
  89  $load map_CES1
****      $502
**** 502  GDXIN  file not open - ignore rest of line
  90  $load knot_CES1
****      $502
**** 502  GDXIN  file not open - ignore rest of line
  91  $load branch_CES1
****      $502
**** 502  GDXIN  file not open - ignore rest of line
  92  $load knot_o_CES1
****      $502
**** 502  GDXIN  file not open - ignore rest of line
  93  $load knot_no_CES1
****      $502
**** 502  GDXIN  file not open - ignore rest of line
  94  $load branch2o_CES1
****      $502
**** 502  GDXIN  file not open - ignore rest of line
  95  $load branch2no_CES1
****      $502
**** 502  GDXIN  file not open - ignore rest of line
  96  $load map_CET1
****      $502
**** 502  GDXIN  file not open - ignore rest of line
  97  $load knot_CET1
****      $502
**** 502  GDXIN  file not open - ignore rest of line
  98  $load branch_CET1
****      $502
**** 502  GDXIN  file not open - ignore rest of line
  99  $load branch_o_CET1
****      $502
**** 502  GDXIN  file not open - ignore rest of line
 100  $load branch_no_CET1
****      $502
**** 502  GDXIN  file not open - ignore rest of line
 101  $load exomu_CES_CET
****      $502
**** 502  GDXIN  file not open - ignore rest of line
 102  $load endo_qD_CES_CET
****      $502
**** 502  GDXIN  file not open - ignore rest of line
 103  $load endo_qS_CES_CET
****      $502
**** 502  GDXIN  file not open - ignore rest of line
 104  $load endo_pS_CES_CET
****      $502
**** 502  GDXIN  file not open - ignore rest of line
 107   
 108  parameters
 109          R_LR
 110          g_LR
 111          infl_LR
 112          qnorm_out[t,s,n]
 113          qnorm_inp[t,s,n]
 114  ;
**** File: C:\Users\sxj477\Documents\GitHub\GPM_v06\work_folder\%rname_7%.gdx
**** Msg : No such file or directory
 115  $GDXIN %rname_7%
****                 $510
**** 510  Unable to open gdx file for $GDXIN
 117  $load R_LR
****      $502
**** 502  GDXIN  file not open - ignore rest of line
 118  $load g_LR
****      $502
**** 502  GDXIN  file not open - ignore rest of line
 119  $load infl_LR
****      $502
**** 502  GDXIN  file not open - ignore rest of line
 120  $load qnorm_out
****      $502
**** 502  GDXIN  file not open - ignore rest of line
 121  $load qnorm_inp
****      $502
**** 502  GDXIN  file not open - ignore rest of line
 124   
 125  variables
 126          mu[s,n,nn]
 127          sigma[s,n]
 128          eta[s,n]
 129          pS[t,s,n]
 130          pD[t,s,n]
 131          qS[t,s,n]
 132          qD[t,s,n]
 133          qiv_out[t,s,n]
 134          qiv_inp[t,s,n]
 135  ;
**** File: C:\Users\sxj477\Documents\GitHub\GPM_v06\work_folder\%rname_7%.gdx
**** Msg : No such file or directory
 136  $GDXIN %rname_7%
****                 $510
**** 510  Unable to open gdx file for $GDXIN
 138  $load mu
****      $502
**** 502  GDXIN  file not open - ignore rest of line
 139  $load sigma
****      $502
**** 502  GDXIN  file not open - ignore rest of line
 140  $load eta
****      $502
**** 502  GDXIN  file not open - ignore rest of line
 141  $load pS
****      $502
**** 502  GDXIN  file not open - ignore rest of line
 142  $load pD
****      $502
**** 502  GDXIN  file not open - ignore rest of line
 143  $load qS
****      $502
**** 502  GDXIN  file not open - ignore rest of line
 144  $load qD
****      $502
**** 502  GDXIN  file not open - ignore rest of line
 145  $load qiv_out
****      $502
**** 502  GDXIN  file not open - ignore rest of line
 146  $load qiv_inp
****      $502
**** 502  GDXIN  file not open - ignore rest of line
 149   
 150   
 151   
 152   
 153  # -------------------------------------------B_CES_CET_CES1-------------------------------------------
 154  #  Initialize B_CES_CET_CES1 equation block
 155  # ----------------------------------------------------------------------------------------------------
 156  EQUATION E_zp_out_CES1[t,s,n];
 157  E_zp_out_CES1[t,s,n]$(knot_o_ces1[s,n] and txe[t])..    pS[t,s,n]*qS[t,s,n]  =E=  sum(nn$(map_CES1[s,n,nn]), qD[t,s,nn]*pD[t,s,nn]);
 158  EQUATION E_zp_nout_CES1[t,s,n];
 159  E_zp_nout_CES1[t,s,n]$(knot_no_ces1[s,n] and txe[t])..  pD[t,s,n]*qD[t,s,n]  =E=  sum(nn$(map_CES1[s,n,nn]), qD[t,s,nn]*pD[t,s,nn]);
 160  EQUATION E_q_out_CES1[t,s,n];
 161  E_q_out_CES1[t,s,n]$(branch2o_ces1[s,n] and txe[t])..   qD[t,s,n]  =E=  sum(nn$(map_CES1[s,nn,n]), mu[s,nn,n] * (pS[t,s,nn]/pD[t,s,n])**(sigma[s,nn]) * qS[t,s,nn]);
 162  EQUATION E_q_nout_CES1[t,s,n];
 163  E_q_nout_CES1[t,s,n]$(branch2no_ces1[s,n] and txe[t])..         qD[t,s,n]  =E=  sum(nn$(map_CES1[s,nn,n]), mu[s,nn,n] * (pD[t,s,nn]/pD[t,s,n])**(sigma[s,nn]) * qD[t,s,nn]);
 164   
 165  # ----------------------------------------------------------------------------------------------------
 166  #  Define B_CES_CET_CES1 model
 167  # ----------------------------------------------------------------------------------------------------
 168  Model B_CES_CET_CES1 /
 169  E_zp_out_CES1, E_zp_nout_CES1, E_q_out_CES1, E_q_nout_CES1
 170  /;
 171   
 172   
 173   
 174   
 175  # -------------------------------------------B_CES_CET_CET1-------------------------------------------
 176  #  Initialize B_CES_CET_CET1 equation block
 177  # ----------------------------------------------------------------------------------------------------
 178  EQUATION E_zp_CET1[t,s,n];
 179  E_zp_CET1[t,s,n]$(knot_cet1[s,n] and txe[t])..  pD[t,s,n]*qD[t,s,n]  =E=  sum(nn$(map_CET1[s,nn,n] and branch_o_CET1[s,nn]), qS[t,s,nn]*pS[t,s,nn])+sum(nn$(map_CET1[s,nn,n] and branch_no_CET1[s,nn]), qD[t,s,nn]*pD[t,s,nn]);
 180  EQUATION E_demand_out_CET1[t,s,n];
 181  E_demand_out_CET1[t,s,n]$(branch_o_cet1[s,n] and txe[t])..              qS[t,s,n]  =E=  sum(nn$(map_CET1[s,n,nn]), mu[s,n,nn] * (pS[t,s,n]/pD[t,s,nn])**(eta[s,nn]) * qD[t,s,nn]);
 182  EQUATION E_demand_nout_CET1[t,s,n];
 183  E_demand_nout_CET1[t,s,n]$(branch_no_cet1[s,n] and txe[t])..    qD[t,s,n]  =E=  sum(nn$(map_CET1[s,n,nn]), mu[s,n,nn] * (pD[t,s,n]/pD[t,s,nn])**(eta[s,nn]) * qD[t,s,nn]);
 184   
 185  # ----------------------------------------------------------------------------------------------------
 186  #  Define B_CES_CET_CET1 model
 187  # ----------------------------------------------------------------------------------------------------
 188  Model B_CES_CET_CET1 /
 189  E_zp_CET1, E_demand_out_CET1, E_demand_nout_CET1
 190  /;
 191   
 192   
 193  qS.fx[t,s,n]$(((output_CES_CET[s,n] and ( not ((endo_qS_CES_CET[s,n] and t0[t])))) or (endo_qS_CES_CET[s,n] and t0[t]))) = qS.l[t,s,n];
****        $352,352,352           $141,352,352                     $141,352,352$300
**** 141  Symbol declared but no values have been assigned. Check for missing
****         data definition, assignment, data loading or implicit assignment
****         via a solve statement.
****         A wild shot: You may have spurious commas in the explanatory
****         text of a declaration. Check symbol reference list.
**** 300  Remaining errors not printed for this line
**** 352  Set has not been initialized
 194  pD.fx[t,s,n]$(input_CES_CET[s,n]) = pD.l[t,s,n];
****        $352,352,352        $141,352,352 $141,352,352,300
**** 141  Symbol declared but no values have been assigned. Check for missing
****         data definition, assignment, data loading or implicit assignment
****         via a solve statement.
****         A wild shot: You may have spurious commas in the explanatory
****         text of a declaration. Check symbol reference list.
**** 300  Remaining errors not printed for this line
**** 352  Set has not been initialized
 195  sigma.fx[s,n]$(kninp_CES_CET[s,n]) = sigma.l[s,n];
****           $352,352          $141,352,352    $141,352,352
**** 141  Symbol declared but no values have been assigned. Check for missing
****         data definition, assignment, data loading or implicit assignment
****         via a solve statement.
****         A wild shot: You may have spurious commas in the explanatory
****         text of a declaration. Check symbol reference list.
**** 352  Set has not been initialized
 196  eta.fx[s,n]$(knout_CES_CET[s,n]) = eta.l[s,n];
****         $352,352          $141,352,352  $141,352,352
**** 141  Symbol declared but no values have been assigned. Check for missing
****         data definition, assignment, data loading or implicit assignment
****         via a solve statement.
****         A wild shot: You may have spurious commas in the explanatory
****         text of a declaration. Check symbol reference list.
**** 352  Set has not been initialized
 197  mu.fx[s,n,nn]$((exomu_CES_CET[s,n,nn] or ( not (exomu_CES_CET[s,n,nn])))) = mu.l[s,n,nn];
****        $352,352,352          $141,352,352,352                  $352,352,300
**** 141  Symbol declared but no values have been assigned. Check for missing
****         data definition, assignment, data loading or implicit assignment
****         via a solve statement.
****         A wild shot: You may have spurious commas in the explanatory
****         text of a declaration. Check symbol reference list.
**** 300  Remaining errors not printed for this line
**** 352  Set has not been initialized
 198  pD.lo[t,s,n]$(int_CES_CET[s,n]) = -inf;
****        $352,352,352      $141,352,352
**** 141  Symbol declared but no values have been assigned. Check for missing
****         data definition, assignment, data loading or implicit assignment
****         via a solve statement.
****         A wild shot: You may have spurious commas in the explanatory
****         text of a declaration. Check symbol reference list.
**** 352  Set has not been initialized
 199  pD.up[t,s,n]$(int_CES_CET[s,n]) = inf;
****        $352,352,352        $352,352
**** 352  Set has not been initialized
 200  pS.lo[t,s,n]$((((output_CES_CET[s,n] and tx0[t]) or (endo_pS_CES_CET[s,n] and t0[t])) or ((output_CES_CET[s,n] and t0[t]) and ( not ((endo_pS_CES_CET[s,n] and t0[t])))))) = -inf;
****        $352,352,352              $352,352   $141,352                $141,352,300
**** 141  Symbol declared but no values have been assigned. Check for missing
****         data definition, assignment, data loading or implicit assignment
****         via a solve statement.
****         A wild shot: You may have spurious commas in the explanatory
****         text of a declaration. Check symbol reference list.
**** 300  Remaining errors not printed for this line
**** 352  Set has not been initialized
 201  pS.up[t,s,n]$((((output_CES_CET[s,n] and tx0[t]) or (endo_pS_CES_CET[s,n] and t0[t])) or ((output_CES_CET[s,n] and t0[t]) and ( not ((endo_pS_CES_CET[s,n] and t0[t])))))) = inf;
****        $352,352,352              $352,352     $352                    $352,352    $352                     $300
**** 300  Remaining errors not printed for this line
**** 352  Set has not been initialized
 202  qD.lo[t,s,n]$(((((int_CES_CET[s,n] or input_CES_CET[s,n]) and tx0[t]) or (endo_qD_CES_CET[s,n] and t0[t])) or (((int_CES_CET[s,n] or input_CES_CET[s,n]) and t0[t]) and ( not ((endo_qD_CES_CET[s,n] and t0[t])))))) = -inf;
****        $352,352,352            $352,352              $352,352      $352                  $141,300
**** 141  Symbol declared but no values have been assigned. Check for missing
****         data definition, assignment, data loading or implicit assignment
****         via a solve statement.
****         A wild shot: You may have spurious commas in the explanatory
****         text of a declaration. Check symbol reference list.
**** 300  Remaining errors not printed for this line
**** 352  Set has not been initialized
 203  qD.up[t,s,n]$(((((int_CES_CET[s,n] or input_CES_CET[s,n]) and tx0[t]) or (endo_qD_CES_CET[s,n] and t0[t])) or (((int_CES_CET[s,n] or input_CES_CET[s,n]) and t0[t]) and ( not ((endo_qD_CES_CET[s,n] and t0[t])))))) = inf;
****        $352,352,352            $352,352              $352,352      $352                    $352,300
**** 300  Remaining errors not printed for this line
**** 352  Set has not been initialized
 204  qiv_inp.lo[t,s,n]$(spinp_CES_CET[s,n]) = -inf;
****             $352,352,352        $141,352,352
**** 141  Symbol declared but no values have been assigned. Check for missing
****         data definition, assignment, data loading or implicit assignment
****         via a solve statement.
****         A wild shot: You may have spurious commas in the explanatory
****         text of a declaration. Check symbol reference list.
**** 352  Set has not been initialized
 205  qiv_inp.up[t,s,n]$(spinp_CES_CET[s,n]) = inf;
****             $352,352,352          $352,352
**** 352  Set has not been initialized
 206  qiv_out.lo[t,s,n]$(spout_CES_CET[s,n]) = -inf;
****             $352,352,352        $141,352,352
**** 141  Symbol declared but no values have been assigned. Check for missing
****         data definition, assignment, data loading or implicit assignment
****         via a solve statement.
****         A wild shot: You may have spurious commas in the explanatory
****         text of a declaration. Check symbol reference list.
**** 352  Set has not been initialized
 207  qiv_out.up[t,s,n]$(spout_CES_CET[s,n]) = inf;
****             $352,352,352          $352,352
**** 352  Set has not been initialized
 208   
 209  # ----------------------------------------------------------------------------------------------------
 210  #  Define CES_CET_B model
 211  # ----------------------------------------------------------------------------------------------------
 212  Model CES_CET_B /
 213  E_zp_out_CES1, E_zp_nout_CES1, E_q_out_CES1, E_q_nout_CES1, E_zp_CET1, E_demand_out_CET1, E_demand_nout_CET1
 214  /;
 215   
 216   
 217  solve CES_CET_B using CNS;
****                           $257
**** 257  Solve statement not checked because of previous errors

**** 223 ERROR(S)   0 WARNING(S)


COMPILATION TIME     =        0.032 SECONDS      2 MB  38.1.0 a1a3b545 WEX-WEI


USER: Large MUD - 20 User License                    G211207|0002CA-WIN
      DREAM, Danish Rational Economic Agents Model                DC620


**** FILE SUMMARY

Input      C:\Users\sxj477\Documents\GitHub\GPM_v06\work_folder\_gams_py_gjo28.gms
Output     C:\Users\sxj477\Documents\GitHub\GPM_v06\work_folder\_gams_py_gjo28.lst
Save       C:\Users\sxj477\Documents\GitHub\GPM_v06\work_folder\_gams_py_gcp0.g00

**** USER ERROR(S) ENCOUNTERED
