GAMS 38.1.0  a1a3b545 Jan 31, 2022          WEX-WEI x86 64bit/MS Windows - 05/04/22 15:20:28 Page 1
G e n e r a l   A l g e b r a i c   M o d e l i n g   S y s t e m
C o m p i l a t i o n


   3  ;
   4  OPTION SYSOUT=OFF, SOLPRINT=OFF, LIMROW=0, LIMCOL=0, DECIMALS=6;
   5   
   6   
   7  # User defined functions:
   8   
   9  # ----------------------------------------------------------------------------------------------------
  10  #  Define function: load_level
  11  # ----------------------------------------------------------------------------------------------------
  12   
  13   
  14  # ----------------------------------------------------------------------------------------------------
  15  #  Define function: load_fixed
  16  # ----------------------------------------------------------------------------------------------------
  17   
  18   
  19  # ----------------------------------------------------------------------------------------------------
  20  #  Define function: SolveEmptyNLP
  21  # ----------------------------------------------------------------------------------------------------
  22   
  23   
  24  sets
  25          alias_set
  26          alias_map2
  27          n
  28          s
  29          t
  30  ;
  31   
  32  alias(n,nn,nnn);
  33   
  34  sets
  35          alias_[alias_set,alias_map2]
  36          t0[t]
  37          tE[t]
  38          tx0[t]
  39          txE[t]
  40          map_ExtremeFunk[s,n,nn]
  41          map_spinp_ExtremeFunk[s,n,nn]
  42          map_spout_ExtremeFunk[s,n,nn]
  43          knout_ExtremeFunk[s,n]
  44          kninp_ExtremeFunk[s,n]
  45          spout_ExtremeFunk[s,n]
  46          spinp_ExtremeFunk[s,n]
  47          input_ExtremeFunk[s,n]
  48          output_ExtremeFunk[s,n]
  49          int_ExtremeFunk[s,n]
  50          map_ExtremeF1[s,n,nn]
  51          knot_ExtremeF1[s,n]
  52          branch_ExtremeF1[s,n]
  53          knot_o_ExtremeF1[s,n]
  54          knot_no_ExtremeF1[s,n]
  55          branch2o_ExtremeF1[s,n]
  56          branch2no_ExtremeF1[s,n]
  57          map_ExtremeF2[s,n,nn]
  58          knot_ExtremeF2[s,n]
  59          branch_ExtremeF2[s,n]
  60          branch_o_ExtremeF2[s,n]
  61          branch_no_ExtremeF2[s,n]
  62          exomu_ExtremeFunk[s,n,nn]
  63          endo_qD_ExtremeFunk[s,n]
  64          endo_qS_ExtremeFunk[s,n]
  65          endo_pS_ExtremeFunk[s,n]
  66  ;
GDXIN   C:\Users\sxj477\Documents\GitHub\GPM_v06\work_folder\rname_25.gdx
--- LOAD  alias_set = 1:alias_set
--- LOAD  alias_map2 = 2:alias_map2
--- LOAD  n = 3:n
--- LOAD  s = 4:s
--- LOAD  t = 8:t
--- LOAD  alias_ = 7:alias_
--- LOAD  t0 = 9:t0
--- LOAD  tE = 10:tE
--- LOAD  tx0 = 11:tx0
--- LOAD  txE = 12:txE
--- LOAD  map_ExtremeFunk = 13:map_ExtremeFunk
--- LOAD  map_spinp_ExtremeFunk = 14:map_spinp_ExtremeFunk
--- LOAD  map_spout_ExtremeFunk = 15:map_spout_ExtremeFunk
--- LOAD  knout_ExtremeFunk = 16:knout_ExtremeFunk
--- LOAD  kninp_ExtremeFunk = 17:kninp_ExtremeFunk
--- LOAD  spout_ExtremeFunk = 18:spout_ExtremeFunk
--- LOAD  spinp_ExtremeFunk = 19:spinp_ExtremeFunk
--- LOAD  input_ExtremeFunk = 20:input_ExtremeFunk
--- LOAD  output_ExtremeFunk = 21:output_ExtremeFunk
--- LOAD  int_ExtremeFunk = 22:int_ExtremeFunk
--- LOAD  map_ExtremeF1 = 23:map_ExtremeF1
--- LOAD  knot_ExtremeF1 = 24:knot_ExtremeF1
--- LOAD  branch_ExtremeF1 = 25:branch_ExtremeF1
--- LOAD  knot_o_ExtremeF1 = 26:knot_o_ExtremeF1
--- LOAD  knot_no_ExtremeF1 = 27:knot_no_ExtremeF1
--- LOAD  branch2o_ExtremeF1 = 28:branch2o_ExtremeF1
--- LOAD  branch2no_ExtremeF1 = 29:branch2no_ExtremeF1
--- LOAD  map_ExtremeF2 = 30:map_ExtremeF2
--- LOAD  knot_ExtremeF2 = 31:knot_ExtremeF2
--- LOAD  branch_ExtremeF2 = 32:branch_ExtremeF2
--- LOAD  branch_o_ExtremeF2 = 33:branch_o_ExtremeF2
--- LOAD  branch_no_ExtremeF2 = 34:branch_no_ExtremeF2
--- LOAD  exomu_ExtremeFunk = 35:exomu_ExtremeFunk
--- LOAD  endo_qD_ExtremeFunk = 36:endo_qD_ExtremeFunk
--- LOAD  endo_qS_ExtremeFunk = 37:endo_qS_ExtremeFunk
--- LOAD  endo_pS_ExtremeFunk = 38:endo_pS_ExtremeFunk
 107   
 108  parameters
 109          R_LR
 110          g_LR
 111          infl_LR
 112          qnorm_out[t,s,n]
 113          qnorm_inp[t,s,n]
 114  ;
GDXIN   C:\Users\sxj477\Documents\GitHub\GPM_v06\work_folder\rname_25.gdx
--- LOAD  R_LR = 39:R_LR
--- LOAD  g_LR = 40:g_LR
--- LOAD  infl_LR = 41:infl_LR
--- LOAD  qnorm_out = 42:qnorm_out
--- LOAD  qnorm_inp = 43:qnorm_inp
 124   
 125  variables
 126          mu[s,n,nn]
 127          sigma[s,n]
 128          eta[s,n]
 129          pS[t,s,n]
 130          pD[t,s,n]
 131          qS[t,s,n]
 132          qD[t,s,n]
 133          qiv_out[t,s,n]
 134          qiv_inp[t,s,n]
 135  ;
GDXIN   C:\Users\sxj477\Documents\GitHub\GPM_v06\work_folder\rname_25.gdx
--- LOAD  mu = 44:mu
--- LOAD  sigma = 45:sigma
--- LOAD  eta = 46:eta
--- LOAD  pS = 47:pS
--- LOAD  pD = 48:pD
--- LOAD  qS = 49:qS
--- LOAD  qD = 50:qD
--- LOAD  qiv_out = 51:qiv_out
--- LOAD  qiv_inp = 52:qiv_inp
 149   
 150   
 151   
 152   
 153  # ---------------------------------------B_ExtremeFunk_ExtremeF1--------------------------------------
 154  #  Initialize B_ExtremeFunk_ExtremeF1 equation block
 155  # ----------------------------------------------------------------------------------------------------
 156  EQUATION E_zp_out_ExtremeF1[t,s,n];
 157  E_zp_out_ExtremeF1[t,s,n]$(knot_o_extremef1[s,n] and txe[t])..  pS[t,s,n]*qS[t,s,n]  =E=  sum(nn$(map_ExtremeF1[s,n,nn]), qD[t,s,nn]*pD[t,s,nn]);
 158  EQUATION E_zp_nout_ExtremeF1[t,s,n];
 159  E_zp_nout_ExtremeF1[t,s,n]$(knot_no_extremef1[s,n] and txe[t])..        pD[t,s,n]*qD[t,s,n]  =E=  sum(nn$(map_ExtremeF1[s,n,nn]), qD[t,s,nn]*pD[t,s,nn]);
 160  EQUATION E_q_out_ExtremeF1[t,s,n];
 161  E_q_out_ExtremeF1[t,s,n]$(branch2o_extremef1[s,n] and txe[t])..         qD[t,s,n]  =E=  sum(nn$(map_ExtremeF1[s,nn,n]), qS[t,s,nn]*mu[s,nn,n] * (pS[t,s,nn]/pD[t,s,n])**(sigma[s,nn]) / sum(nnn$(map_ExtremeF1[s,nn,nnn]), mu[s,nn,nnn] * (pS[t,s,nn]/pD[t,s,nnn])**(sigma[s,nn])));
 162  EQUATION E_q_nout_ExtremeF1[t,s,n];
 163  E_q_nout_ExtremeF1[t,s,n]$(branch2no_extremef1[s,n] and txe[t])..               qD[t,s,n]  =E=  sum(nn$(map_ExtremeF1[s,nn,n]), qD[t,s,nn]*mu[s,nn,n] * (pD[t,s,nn]/pD[t,s,n])**(sigma[s,nn]) / sum(nnn$(map_ExtremeF1[s,nn,nnn]), mu[s,nn,nnn] * (pD[t,s,nn]/pD[t,s,nnn])**(sigma[s,nn])));
 164   
 165  # ----------------------------------------------------------------------------------------------------
 166  #  Define B_ExtremeFunk_ExtremeF1 model
 167  # ----------------------------------------------------------------------------------------------------
 168  Model B_ExtremeFunk_ExtremeF1 /
 169  E_zp_out_ExtremeF1, E_zp_nout_ExtremeF1, E_q_out_ExtremeF1, E_q_nout_ExtremeF1
 170  /;
 171   
 172   
 173   
 174   
 175  # ---------------------------------------B_ExtremeFunk_ExtremeF2--------------------------------------
 176  #  Initialize B_ExtremeFunk_ExtremeF2 equation block
 177  # ----------------------------------------------------------------------------------------------------
 178  EQUATION E_zp_ExtremeF2[t,s,n];
 179  E_zp_ExtremeF2[t,s,n]$(knot_extremef2[s,n] and txe[t])..        pD[t,s,n]*qD[t,s,n]  =E=  sum(nn$(map_ExtremeF2[s,nn,n] and branch_o_ExtremeF2[s,nn]), qS[t,s,nn]*pS[t,s,nn])+sum(nn$(map_ExtremeF2[s,nn,n] and branch_no_ExtremeF2[s,nn]), qD[t,s,nn]*pD[t,s,nn]);
 180  EQUATION E_q_out_ExtremeF2[t,s,n];
 181  E_q_out_ExtremeF2[t,s,n]$(branch_o_extremef2[s,n] and txe[t])..         qS[t,s,n]  =E=  sum(nn$(map_ExtremeF2[s,n,nn]), qD[t,s,nn]*mu[s,n,nn] * (pS[t,s,n]/pD[t,s,nn])**(eta[s,nn]) / (sum(nnn$(map_ExtremeF2[s,nnn,nn] and branch_o_ExtremeF2[s,nnn]), mu[s,nnn,nn] * (pD[t,s,nn]/pS[t,s,nnn])**(eta[s,nn]))+sum(nnn$(map_ExtremeF2[s,nnn,nn] and branch_no_ExtremeF2[s,nnn]), mu[s,nnn,nn] * (pD[t,s,nn]/pD[t,s,nnn])**(eta[s,nn]))));
 182  EQUATION E_q_nout_ExtremeF2[t,s,n];
 183  E_q_nout_ExtremeF2[t,s,n]$(branch_no_extremef2[s,n] and txe[t])..               qD[t,s,n]  =E=  sum(nn$(map_ExtremeF2[s,n,nn]), qD[t,s,nn]*mu[s,n,nn] * (pD[t,s,n]/pD[t,s,nn])**(eta[s,nn]) / (sum(nnn$(map_ExtremeF2[s,nnn,nn] and branch_o_ExtremeF2[s,nnn]), mu[s,nnn,nn] * (pD[t,s,nn]/pS[t,s,nnn])**(eta[s,nn]))+sum(nnn$(map_ExtremeF2[s,nnn,nn] and branch_no_ExtremeF2[s,nnn]), mu[s,nnn,nn] * (pD[t,s,nn]/pD[t,s,nnn])**(eta[s,nn]))));
 184   
 185  # ----------------------------------------------------------------------------------------------------
 186  #  Define B_ExtremeFunk_ExtremeF2 model
 187  # ----------------------------------------------------------------------------------------------------
 188  Model B_ExtremeFunk_ExtremeF2 /
 189  E_zp_ExtremeF2, E_q_out_ExtremeF2, E_q_nout_ExtremeF2
 190  /;
 191   
 192   
 193  qS.fx[t,s,n]$((output_ExtremeFunk[s,n] and ( not ((endo_qS_ExtremeFunk[s,n] and t0[t]))))) = qS.l[t,s,n];
 194  pD.fx[t,s,n]$(input_ExtremeFunk[s,n]) = pD.l[t,s,n];
 195  sigma.fx[s,n]$(kninp_ExtremeFunk[s,n]) = sigma.l[s,n];
 196  eta.fx[s,n]$(knout_ExtremeFunk[s,n]) = eta.l[s,n];
 197  mu.fx[s,n,nn]$(exomu_ExtremeFunk[s,n,nn]) = mu.l[s,n,nn];
 198  qD.fx[t,s,n]$((((int_ExtremeFunk[s,n] or input_ExtremeFunk[s,n]) and t0[t]) and ( not ((endo_qD_ExtremeFunk[s,n] and t0[t]))))) = qD.l[t,s,n];
 199  pS.fx[t,s,n]$(((output_ExtremeFunk[s,n] and t0[t]) and ( not ((endo_pS_ExtremeFunk[s,n] and t0[t]))))) = pS.l[t,s,n];
 200  pD.lo[t,s,n]$(int_ExtremeFunk[s,n]) = -inf;
 201  pD.up[t,s,n]$(int_ExtremeFunk[s,n]) = inf;
 202  pS.lo[t,s,n]$(((output_ExtremeFunk[s,n] and tx0[t]) or (endo_pS_ExtremeFunk[s,n] and t0[t]))) = -inf;
 203  pS.up[t,s,n]$(((output_ExtremeFunk[s,n] and tx0[t]) or (endo_pS_ExtremeFunk[s,n] and t0[t]))) = inf;
 204  qD.lo[t,s,n]$((((int_ExtremeFunk[s,n] or input_ExtremeFunk[s,n]) and tx0[t]) or (endo_qD_ExtremeFunk[s,n] and t0[t]))) = -inf;
 205  qD.up[t,s,n]$((((int_ExtremeFunk[s,n] or input_ExtremeFunk[s,n]) and tx0[t]) or (endo_qD_ExtremeFunk[s,n] and t0[t]))) = inf;
 206  qiv_inp.lo[t,s,n]$(spinp_ExtremeFunk[s,n]) = -inf;
 207  qiv_inp.up[t,s,n]$(spinp_ExtremeFunk[s,n]) = inf;
 208  qiv_out.lo[t,s,n]$(spout_ExtremeFunk[s,n]) = -inf;
 209  qiv_out.up[t,s,n]$(spout_ExtremeFunk[s,n]) = inf;
 210  mu.lo[s,n,nn]$(( not (exomu_ExtremeFunk[s,n,nn]))) = -inf;
 211  mu.up[s,n,nn]$(( not (exomu_ExtremeFunk[s,n,nn]))) = inf;
 212  qS.lo[t,s,n]$((endo_qS_ExtremeFunk[s,n] and t0[t])) = -inf;
 213  qS.up[t,s,n]$((endo_qS_ExtremeFunk[s,n] and t0[t])) = inf;
 214   
 215  # ----------------------------------------------------------------------------------------------------
 216  #  Define ExtremeFunk_C model
 217  # ----------------------------------------------------------------------------------------------------
 218  Model ExtremeFunk_C /
 219  E_zp_out_ExtremeF1, E_zp_nout_ExtremeF1, E_q_out_ExtremeF1, E_q_nout_ExtremeF1, E_zp_ExtremeF2, E_q_out_ExtremeF2, E_q_nout_ExtremeF2
 220  /;
 221   
 222   
 223  solve ExtremeFunk_C using CNS;
GAMS 38.1.0  a1a3b545 Jan 31, 2022          WEX-WEI x86 64bit/MS Windows - 05/04/22 15:20:28 Page 2
G e n e r a l   A l g e b r a i c   M o d e l i n g   S y s t e m
Include File Summary


   SEQ   GLOBAL TYPE      PARENT   LOCAL  FILENAME

     1        1 INPUT          0       0  C:\Users\sxj477\Documents\GitHub\GPM_v06\work_folder\_gams_py_gjo26.gms
     2       67 GDXIN          1      67  C:\Users\sxj477\Documents\GitHub\GPM_v06\work_folder\rname_25.gdx
     3      115 GDXIN          1     115  C:\Users\sxj477\Documents\GitHub\GPM_v06\work_folder\rname_25.gdx
     4      136 GDXIN          1     136  C:\Users\sxj477\Documents\GitHub\GPM_v06\work_folder\rname_25.gdx


COMPILATION TIME     =        0.015 SECONDS      3 MB  38.1.0 a1a3b545 WEX-WEI
GAMS 38.1.0  a1a3b545 Jan 31, 2022          WEX-WEI x86 64bit/MS Windows - 05/04/22 15:20:28 Page 3
G e n e r a l   A l g e b r a i c   M o d e l i n g   S y s t e m
Model Statistics    SOLVE ExtremeFunk_C Using CNS From line 223


MODEL STATISTICS

BLOCKS OF EQUATIONS           7     SINGLE EQUATIONS           12
BLOCKS OF VARIABLES           7     SINGLE VARIABLES           30
NON ZERO ELEMENTS            88     NON LINEAR N-Z             80
CODE LENGTH                 241     CONSTANT POOL              16
SINGLE =E|X= EQUS            12     SINGLE UNFIXED VARS        12


GENERATION TIME      =        0.016 SECONDS      4 MB  38.1.0 a1a3b545 WEX-WEI
GAMS 38.1.0  a1a3b545 Jan 31, 2022          WEX-WEI x86 64bit/MS Windows - 05/04/22 15:20:28 Page 4
G e n e r a l   A l g e b r a i c   M o d e l i n g   S y s t e m
Solution Report     SOLVE ExtremeFunk_C Using CNS From line 223


               S O L V E      S U M M A R Y

     MODEL   ExtremeFunk_C       
     TYPE    CNS                 
     SOLVER  CONOPT4             FROM LINE  223

**** SOLVER STATUS     1 Normal Completion
**** MODEL STATUS      16 Solved

 RESOURCE USAGE, LIMIT          0.016 10000000000.000
 ITERATION COUNT, LIMIT         1    2147483647
 EVALUATION ERRORS              0             0
 
 
    C O N O P T   version 4.25
    Copyright (C) ARKI Consulting and Development A/S
                  Bagsvaerdvej 246 A
                  DK-2880 Bagsvaerd, Denmark
 
 
    The user model has 12 constraints and 30 variables
    with 88 Jacobian elements, 80 of which are nonlinear.
 
    The pre-triangular part of the model has 0 constraints and 18 variables.
 
    Preprocessed model has 12 constraints and 12 variables
    with 41 Jacobian elements, 35 of which are nonlinear.
 
 ** Feasible solution to a square system.
 
 
 CONOPT time Total                            0.001 seconds
   of which: Function evaluations             0.000 =  0.0%
             1st Derivative evaluations       0.000 =  0.0%
 


**** REPORT SUMMARY :        0 INFEASIBLE
                             0  DEPENDENT
                             0     ERRORS


EXECUTION TIME       =        0.157 SECONDS      4 MB  38.1.0 a1a3b545 WEX-WEI


USER: Large MUD - 20 User License                    G211207|0002CA-WIN
      DREAM, Danish Rational Economic Agents Model                DC620


**** FILE SUMMARY

Input      C:\Users\sxj477\Documents\GitHub\GPM_v06\work_folder\_gams_py_gjo26.gms
Output     C:\Users\sxj477\Documents\GitHub\GPM_v06\work_folder\_gams_py_gjo26.lst
